2024-01-01 10:00:00 INFO Test message
